digraph {
    0 [ label = "\"SagaActionStartNode\"" ]
    1 [ label = "\"InstanceCreate\"" ]
    2 [ label = "\"VpcAllocIp\"" ]
    3 [ label = "\"VolumeCreate\"" ]
    4 [ label = "\"ServerAlloc (subsaga)\"" ]
    5 [ label = "\"InstanceConfigure\"" ]
    6 [ label = "\"VolumeAttach\"" ]
    7 [ label = "\"InstanceBoot\"" ]
    8 [ label = "\"Print\"" ]
    9 [ label = "\"SagaActionEndNode\"" ]
    0 -> 1 [ ]
    1 -> 2 [ ]
    1 -> 3 [ ]
    1 -> 4 [ ]
    2 -> 5 [ ]
    3 -> 5 [ ]
    4 -> 5 [ ]
    5 -> 6 [ ]
    6 -> 7 [ ]
    7 -> 8 [ ]
    8 -> 9 [ ]
}

